../Core/Src/main.c:77:5:main	8	static
../Core/Src/main.c:148:6:SystemClock_Config	88	static
../Core/Src/main.c:194:13:MX_ADC1_Init	24	static
../Core/Src/main.c:246:13:MX_SPI1_Init	8	static
../Core/Src/main.c:284:13:MX_TIM2_Init	32	static
../Core/Src/main.c:329:13:MX_GPIO_Init	48	static
../Core/Src/main.c:374:6:Init_OnBoard_LEDs	32	static
../Core/Src/main.c:385:6:HAL_ADC_ConvCpltCallback	16	static
../Core/Src/main.c:414:6:Put_DA	24	static
../Core/Src/main.c:443:6:Put__DA	32	static
../Core/Src/main.c:473:22:DWT_Delay_us	24	static
../Core/Src/main.c:480:10:DWT_Delay_Init	4	static,ignoring_inline_asm
../Core/Src/main.c:520:6:HAL_TIM_PeriodElapsedCallback	16	static
../Core/Src/main.c:539:6:Error_Handler	4	static,ignoring_inline_asm
